// Jest Snapshot v1, https://goo.gl/fbAQLP

exports[`compiler error works 1`] = `
Array [
  "Traceback (most recent call last):",
  "  File \\"main.py\\", line 1",
  "SyntaxError: invalid syntax",
]
`;
